Java HotSpot(TM) 64-Bit Server VM (25.221-b11) for bsd-amd64 JRE (1.8.0_221-b11), built on Jul  4 2019 04:36:22 by "java_re" with gcc 4.2.1 (Based on Apple Inc. build 5658) (LLVM build 2336.11.00)
Memory: 4k page, physical 16777216k(3115176k free)

/proc/meminfo:

CommandLine flags: -XX:InitialHeapSize=4294967296 -XX:MaxHeapSize=4294967296 -XX:+PrintGC -XX:+PrintGCDateStamps -XX:+PrintGCDetails -XX:+PrintGCTimeStamps -XX:+UseCompressedClassPointers -XX:+UseCompressedOops -XX:+UseG1GC 
2021-03-29T00:10:00.090-0800: 5.717: [GC pause (G1 Evacuation Pause) (young), 0.0110390 secs]
   [Parallel Time: 5.0 ms, GC Workers: 8]
      [GC Worker Start (ms): Min: 5717.4, Avg: 5717.6, Max: 5717.9, Diff: 0.5]
      [Ext Root Scanning (ms): Min: 0.0, Avg: 0.4, Max: 2.3, Diff: 2.3, Sum: 3.6]
      [Update RS (ms): Min: 0.0, Avg: 0.0, Max: 0.0, Diff: 0.0, Sum: 0.0]
         [Processed Buffers: Min: 0, Avg: 0.0, Max: 0, Diff: 0, Sum: 0]
      [Scan RS (ms): Min: 0.0, Avg: 0.0, Max: 0.0, Diff: 0.0, Sum: 0.1]
      [Code Root Scanning (ms): Min: 0.0, Avg: 0.3, Max: 1.1, Diff: 1.1, Sum: 2.3]
      [Object Copy (ms): Min: 2.5, Avg: 3.9, Max: 4.5, Diff: 2.0, Sum: 31.4]
      [Termination (ms): Min: 0.0, Avg: 0.0, Max: 0.0, Diff: 0.0, Sum: 0.2]
         [Termination Attempts: Min: 1, Avg: 45.5, Max: 64, Diff: 63, Sum: 364]
      [GC Worker Other (ms): Min: 0.0, Avg: 0.0, Max: 0.1, Diff: 0.1, Sum: 0.2]
      [GC Worker Total (ms): Min: 4.4, Avg: 4.7, Max: 4.9, Diff: 0.5, Sum: 37.8]
      [GC Worker End (ms): Min: 5722.3, Avg: 5722.3, Max: 5722.3, Diff: 0.0]
   [Code Root Fixup: 0.1 ms]
   [Code Root Purge: 0.0 ms]
   [Clear CT: 0.1 ms]
   [Other: 5.8 ms]
      [Choose CSet: 0.0 ms]
      [Ref Proc: 5.1 ms]
      [Ref Enq: 0.0 ms]
      [Redirty Cards: 0.1 ms]
      [Humongous Register: 0.0 ms]
      [Humongous Reclaim: 0.0 ms]
      [Free CSet: 0.2 ms]
   [Eden: 204.0M(204.0M)->0.0B(190.0M) Survivors: 0.0B->14.0M Heap: 204.0M(4096.0M)->12.9M(4096.0M)]
 [Times: user=0.04 sys=0.01, real=0.01 secs] 
2021-03-29T00:10:00.146-0800: 5.773: [GC pause (Metadata GC Threshold) (young) (initial-mark), 0.0059831 secs]
   [Parallel Time: 4.4 ms, GC Workers: 8]
      [GC Worker Start (ms): Min: 5773.0, Avg: 5773.0, Max: 5773.1, Diff: 0.1]
      [Ext Root Scanning (ms): Min: 0.6, Avg: 0.7, Max: 0.8, Diff: 0.2, Sum: 5.5]
      [Update RS (ms): Min: 0.0, Avg: 0.0, Max: 0.0, Diff: 0.0, Sum: 0.0]
         [Processed Buffers: Min: 0, Avg: 0.0, Max: 0, Diff: 0, Sum: 0]
      [Scan RS (ms): Min: 0.0, Avg: 0.4, Max: 3.5, Diff: 3.5, Sum: 3.5]
      [Code Root Scanning (ms): Min: 0.0, Avg: 0.3, Max: 2.0, Diff: 2.0, Sum: 2.0]
      [Object Copy (ms): Min: 0.1, Avg: 2.5, Max: 3.6, Diff: 3.5, Sum: 20.0]
      [Termination (ms): Min: 0.0, Avg: 0.4, Max: 0.6, Diff: 0.6, Sum: 3.3]
         [Termination Attempts: Min: 1, Avg: 4.9, Max: 11, Diff: 10, Sum: 39]
      [GC Worker Other (ms): Min: 0.0, Avg: 0.0, Max: 0.0, Diff: 0.0, Sum: 0.1]
      [GC Worker Total (ms): Min: 4.3, Avg: 4.3, Max: 4.4, Diff: 0.1, Sum: 34.4]
      [GC Worker End (ms): Min: 5777.3, Avg: 5777.3, Max: 5777.3, Diff: 0.0]
   [Code Root Fixup: 0.1 ms]
   [Code Root Purge: 0.0 ms]
   [Clear CT: 0.1 ms]
   [Other: 1.3 ms]
      [Choose CSet: 0.0 ms]
      [Ref Proc: 0.9 ms]
      [Ref Enq: 0.0 ms]
      [Redirty Cards: 0.1 ms]
      [Humongous Register: 0.0 ms]
      [Humongous Reclaim: 0.0 ms]
      [Free CSet: 0.1 ms]
   [Eden: 8192.0K(190.0M)->0.0B(254.0M) Survivors: 14.0M->10.0M Heap: 20.9M(4096.0M)->10240.0K(4096.0M)]
 [Times: user=0.04 sys=0.00, real=0.01 secs] 
2021-03-29T00:10:00.152-0800: 5.779: [GC concurrent-root-region-scan-start]
2021-03-29T00:10:00.155-0800: 5.782: [GC concurrent-root-region-scan-end, 0.0034550 secs]
2021-03-29T00:10:00.155-0800: 5.782: [GC concurrent-mark-start]
2021-03-29T00:10:00.156-0800: 5.783: [GC concurrent-mark-end, 0.0003282 secs]
2021-03-29T00:10:00.156-0800: 5.783: [GC remark 2021-03-29T00:10:00.156-0800: 5.783: [Finalize Marking, 0.0001749 secs] 2021-03-29T00:10:00.156-0800: 5.783: [GC ref-proc, 0.0000730 secs] 2021-03-29T00:10:00.156-0800: 5.783: [Unloading, 0.0017797 secs], 0.0023319 secs]
 [Times: user=0.01 sys=0.00, real=0.00 secs] 
2021-03-29T00:10:00.158-0800: 5.785: [GC cleanup 10M->10M(4096M), 0.0012644 secs]
 [Times: user=0.01 sys=0.00, real=0.01 secs] 
2021-03-29T00:10:01.191-0800: 6.818: [GC pause (G1 Evacuation Pause) (young), 0.0168353 secs]
   [Parallel Time: 11.5 ms, GC Workers: 8]
      [GC Worker Start (ms): Min: 6818.1, Avg: 6818.2, Max: 6818.3, Diff: 0.1]
      [Ext Root Scanning (ms): Min: 0.1, Avg: 0.8, Max: 3.7, Diff: 3.6, Sum: 6.2]
      [Update RS (ms): Min: 0.0, Avg: 0.0, Max: 0.0, Diff: 0.0, Sum: 0.0]
         [Processed Buffers: Min: 0, Avg: 0.0, Max: 0, Diff: 0, Sum: 0]
      [Scan RS (ms): Min: 0.0, Avg: 0.0, Max: 0.2, Diff: 0.2, Sum: 0.3]
      [Code Root Scanning (ms): Min: 0.0, Avg: 0.6, Max: 1.5, Diff: 1.5, Sum: 4.9]
      [Object Copy (ms): Min: 7.1, Avg: 9.4, Max: 10.5, Diff: 3.3, Sum: 75.6]
      [Termination (ms): Min: 0.0, Avg: 0.5, Max: 0.6, Diff: 0.6, Sum: 3.6]
         [Termination Attempts: Min: 1, Avg: 48.2, Max: 81, Diff: 80, Sum: 386]
      [GC Worker Other (ms): Min: 0.0, Avg: 0.0, Max: 0.0, Diff: 0.0, Sum: 0.1]
      [GC Worker Total (ms): Min: 11.3, Avg: 11.3, Max: 11.4, Diff: 0.1, Sum: 90.8]
      [GC Worker End (ms): Min: 6829.6, Avg: 6829.6, Max: 6829.6, Diff: 0.0]
   [Code Root Fixup: 0.1 ms]
   [Code Root Purge: 0.0 ms]
   [Clear CT: 0.1 ms]
   [Other: 5.1 ms]
      [Choose CSet: 0.0 ms]
      [Ref Proc: 4.4 ms]
      [Ref Enq: 0.0 ms]
      [Redirty Cards: 0.1 ms]
      [Humongous Register: 0.1 ms]
      [Humongous Reclaim: 0.0 ms]
      [Free CSet: 0.3 ms]
   [Eden: 254.0M(254.0M)->0.0B(1282.0M) Survivors: 10.0M->28.0M Heap: 264.0M(4096.0M)->26.5M(4096.0M)]
 [Times: user=0.09 sys=0.01, real=0.01 secs] 
2021-03-29T00:10:40.758-0800: 46.386: [GC pause (Metadata GC Threshold) (young) (initial-mark), 0.0133397 secs]
   [Parallel Time: 10.4 ms, GC Workers: 8]
      [GC Worker Start (ms): Min: 46385.8, Avg: 46385.8, Max: 46385.8, Diff: 0.1]
      [Ext Root Scanning (ms): Min: 1.7, Avg: 1.7, Max: 1.8, Diff: 0.1, Sum: 13.6]
      [Update RS (ms): Min: 0.0, Avg: 0.0, Max: 0.0, Diff: 0.0, Sum: 0.0]
         [Processed Buffers: Min: 0, Avg: 0.0, Max: 0, Diff: 0, Sum: 0]
      [Scan RS (ms): Min: 0.0, Avg: 0.0, Max: 0.0, Diff: 0.0, Sum: 0.1]
      [Code Root Scanning (ms): Min: 0.0, Avg: 0.9, Max: 2.4, Diff: 2.4, Sum: 6.9]
      [Object Copy (ms): Min: 5.6, Avg: 7.4, Max: 8.5, Diff: 2.9, Sum: 59.0]
      [Termination (ms): Min: 0.0, Avg: 0.3, Max: 0.6, Diff: 0.6, Sum: 2.2]
         [Termination Attempts: Min: 1, Avg: 5.4, Max: 14, Diff: 13, Sum: 43]
      [GC Worker Other (ms): Min: 0.0, Avg: 0.0, Max: 0.0, Diff: 0.0, Sum: 0.2]
      [GC Worker Total (ms): Min: 10.2, Avg: 10.2, Max: 10.3, Diff: 0.1, Sum: 82.0]
      [GC Worker End (ms): Min: 46396.0, Avg: 46396.1, Max: 46396.1, Diff: 0.0]
   [Code Root Fixup: 0.2 ms]
   [Code Root Purge: 0.0 ms]
   [Clear CT: 0.3 ms]
   [Other: 2.5 ms]
      [Choose CSet: 0.0 ms]
      [Ref Proc: 1.7 ms]
      [Ref Enq: 0.0 ms]
      [Redirty Cards: 0.2 ms]
      [Humongous Register: 0.0 ms]
      [Humongous Reclaim: 0.0 ms]
      [Free CSet: 0.3 ms]
   [Eden: 246.0M(1282.0M)->0.0B(1156.0M) Survivors: 28.0M->26.0M Heap: 272.5M(4096.0M)->25.0M(4096.0M)]
 [Times: user=0.06 sys=0.01, real=0.02 secs] 
2021-03-29T00:10:40.772-0800: 46.399: [GC concurrent-root-region-scan-start]
2021-03-29T00:10:40.786-0800: 46.413: [GC concurrent-root-region-scan-end, 0.0143410 secs]
2021-03-29T00:10:40.786-0800: 46.413: [GC concurrent-mark-start]
2021-03-29T00:10:40.787-0800: 46.414: [GC concurrent-mark-end, 0.0002895 secs]
2021-03-29T00:10:40.787-0800: 46.414: [GC remark 2021-03-29T00:10:40.787-0800: 46.414: [Finalize Marking, 0.0006959 secs] 2021-03-29T00:10:40.787-0800: 46.415: [GC ref-proc, 0.0000828 secs] 2021-03-29T00:10:40.788-0800: 46.415: [Unloading, 0.0044922 secs], 0.0055977 secs]
 [Times: user=0.03 sys=0.00, real=0.01 secs] 
2021-03-29T00:10:40.793-0800: 46.420: [GC cleanup 47M->47M(4096M), 0.0017503 secs]
 [Times: user=0.01 sys=0.00, real=0.00 secs] 
2021-03-29T00:10:44.978-0800: 50.605: [GC pause (G1 Evacuation Pause) (young), 0.0172803 secs]
   [Parallel Time: 14.8 ms, GC Workers: 8]
      [GC Worker Start (ms): Min: 50605.6, Avg: 50605.6, Max: 50605.6, Diff: 0.1]
      [Ext Root Scanning (ms): Min: 0.7, Avg: 1.3, Max: 5.0, Diff: 4.3, Sum: 10.7]
      [Update RS (ms): Min: 0.0, Avg: 0.0, Max: 0.0, Diff: 0.0, Sum: 0.0]
         [Processed Buffers: Min: 0, Avg: 0.0, Max: 0, Diff: 0, Sum: 0]
      [Scan RS (ms): Min: 0.0, Avg: 0.1, Max: 0.2, Diff: 0.1, Sum: 0.7]
      [Code Root Scanning (ms): Min: 0.0, Avg: 1.3, Max: 3.6, Diff: 3.6, Sum: 10.2]
      [Object Copy (ms): Min: 9.6, Avg: 11.8, Max: 13.3, Diff: 3.8, Sum: 94.7]
      [Termination (ms): Min: 0.0, Avg: 0.0, Max: 0.1, Diff: 0.1, Sum: 0.4]
         [Termination Attempts: Min: 1, Avg: 85.0, Max: 115, Diff: 114, Sum: 680]
      [GC Worker Other (ms): Min: 0.0, Avg: 0.1, Max: 0.1, Diff: 0.1, Sum: 0.6]
      [GC Worker Total (ms): Min: 14.6, Avg: 14.7, Max: 14.7, Diff: 0.1, Sum: 117.2]
      [GC Worker End (ms): Min: 50620.2, Avg: 50620.2, Max: 50620.3, Diff: 0.1]
   [Code Root Fixup: 0.3 ms]
   [Code Root Purge: 0.0 ms]
   [Clear CT: 0.2 ms]
   [Other: 2.0 ms]
      [Choose CSet: 0.0 ms]
      [Ref Proc: 0.7 ms]
      [Ref Enq: 0.0 ms]
      [Redirty Cards: 0.1 ms]
      [Humongous Register: 0.1 ms]
      [Humongous Reclaim: 0.0 ms]
      [Free CSet: 0.8 ms]
   [Eden: 1156.0M(1156.0M)->0.0B(1352.0M) Survivors: 26.0M->24.0M Heap: 1181.0M(4096.0M)->24.0M(4096.0M)]
 [Times: user=0.08 sys=0.01, real=0.02 secs] 
2021-03-29T00:10:47.294-0800: 52.922: [GC pause (G1 Evacuation Pause) (young), 0.0193920 secs]
   [Parallel Time: 16.3 ms, GC Workers: 8]
      [GC Worker Start (ms): Min: 52921.9, Avg: 52922.0, Max: 52922.1, Diff: 0.2]
      [Ext Root Scanning (ms): Min: 0.3, Avg: 0.8, Max: 3.8, Diff: 3.5, Sum: 6.3]
      [Update RS (ms): Min: 0.0, Avg: 0.0, Max: 0.0, Diff: 0.0, Sum: 0.0]
         [Processed Buffers: Min: 0, Avg: 0.0, Max: 0, Diff: 0, Sum: 0]
      [Scan RS (ms): Min: 0.0, Avg: 0.1, Max: 0.1, Diff: 0.1, Sum: 0.7]
      [Code Root Scanning (ms): Min: 0.0, Avg: 1.4, Max: 2.8, Diff: 2.8, Sum: 10.8]
      [Object Copy (ms): Min: 12.1, Avg: 13.6, Max: 15.4, Diff: 3.3, Sum: 108.7]
      [Termination (ms): Min: 0.2, Avg: 0.3, Max: 0.5, Diff: 0.4, Sum: 2.7]
         [Termination Attempts: Min: 104, Avg: 215.9, Max: 354, Diff: 250, Sum: 1727]
      [GC Worker Other (ms): Min: 0.0, Avg: 0.0, Max: 0.0, Diff: 0.0, Sum: 0.2]
      [GC Worker Total (ms): Min: 16.1, Avg: 16.2, Max: 16.3, Diff: 0.2, Sum: 129.3]
      [GC Worker End (ms): Min: 52938.1, Avg: 52938.2, Max: 52938.2, Diff: 0.0]
   [Code Root Fixup: 0.2 ms]
   [Code Root Purge: 0.0 ms]
   [Clear CT: 0.3 ms]
   [Other: 2.5 ms]
      [Choose CSet: 0.0 ms]
      [Ref Proc: 0.7 ms]
      [Ref Enq: 0.0 ms]
      [Redirty Cards: 0.1 ms]
      [Humongous Register: 0.1 ms]
      [Humongous Reclaim: 0.0 ms]
      [Free CSet: 1.3 ms]
   [Eden: 1352.0M(1352.0M)->0.0B(2430.0M) Survivors: 24.0M->26.0M Heap: 1376.0M(4096.0M)->25.0M(4096.0M)]
 [Times: user=0.10 sys=0.02, real=0.02 secs] 
2021-03-29T00:10:51.032-0800: 56.659: [GC pause (G1 Evacuation Pause) (young), 0.0237282 secs]
   [Parallel Time: 21.1 ms, GC Workers: 8]
      [GC Worker Start (ms): Min: 56659.3, Avg: 56659.4, Max: 56659.4, Diff: 0.2]
      [Ext Root Scanning (ms): Min: 0.1, Avg: 0.8, Max: 4.6, Diff: 4.4, Sum: 6.7]
      [Update RS (ms): Min: 0.0, Avg: 0.0, Max: 0.0, Diff: 0.0, Sum: 0.0]
         [Processed Buffers: Min: 0, Avg: 0.0, Max: 0, Diff: 0, Sum: 0]
      [Scan RS (ms): Min: 0.1, Avg: 0.2, Max: 0.3, Diff: 0.3, Sum: 1.6]
      [Code Root Scanning (ms): Min: 0.0, Avg: 1.4, Max: 2.8, Diff: 2.8, Sum: 11.3]
      [Object Copy (ms): Min: 15.6, Avg: 17.7, Max: 19.9, Diff: 4.3, Sum: 141.4]
      [Termination (ms): Min: 0.1, Avg: 0.7, Max: 0.9, Diff: 0.9, Sum: 5.3]
         [Termination Attempts: Min: 1, Avg: 121.1, Max: 173, Diff: 172, Sum: 969]
      [GC Worker Other (ms): Min: 0.0, Avg: 0.0, Max: 0.0, Diff: 0.0, Sum: 0.1]
      [GC Worker Total (ms): Min: 20.6, Avg: 20.8, Max: 20.9, Diff: 0.3, Sum: 166.5]
      [GC Worker End (ms): Min: 56680.1, Avg: 56680.2, Max: 56680.3, Diff: 0.2]
   [Code Root Fixup: 0.3 ms]
   [Code Root Purge: 0.0 ms]
   [Clear CT: 0.4 ms]
   [Other: 2.0 ms]
      [Choose CSet: 0.0 ms]
      [Ref Proc: 0.4 ms]
      [Ref Enq: 0.0 ms]
      [Redirty Cards: 0.1 ms]
      [Humongous Register: 0.1 ms]
      [Humongous Reclaim: 0.0 ms]
      [Free CSet: 1.0 ms]
   [Eden: 2430.0M(2430.0M)->0.0B(2430.0M) Survivors: 26.0M->26.0M Heap: 2455.0M(4096.0M)->25.0M(4096.0M)]
 [Times: user=0.13 sys=0.02, real=0.02 secs] 
2021-03-29T00:10:54.300-0800: 59.927: [GC pause (G1 Evacuation Pause) (young), 0.0185314 secs]
   [Parallel Time: 15.3 ms, GC Workers: 8]
      [GC Worker Start (ms): Min: 59927.1, Avg: 59927.2, Max: 59927.2, Diff: 0.1]
      [Ext Root Scanning (ms): Min: 0.3, Avg: 0.7, Max: 3.2, Diff: 3.0, Sum: 5.7]
      [Update RS (ms): Min: 0.0, Avg: 0.0, Max: 0.0, Diff: 0.0, Sum: 0.0]
         [Processed Buffers: Min: 0, Avg: 0.0, Max: 0, Diff: 0, Sum: 0]
      [Scan RS (ms): Min: 0.1, Avg: 0.2, Max: 0.2, Diff: 0.2, Sum: 1.4]
      [Code Root Scanning (ms): Min: 0.0, Avg: 1.6, Max: 4.0, Diff: 4.0, Sum: 12.8]
      [Object Copy (ms): Min: 10.4, Avg: 12.6, Max: 14.5, Diff: 4.1, Sum: 100.9]
      [Termination (ms): Min: 0.0, Avg: 0.1, Max: 0.1, Diff: 0.1, Sum: 0.5]
         [Termination Attempts: Min: 1, Avg: 91.8, Max: 148, Diff: 147, Sum: 734]
      [GC Worker Other (ms): Min: 0.0, Avg: 0.1, Max: 0.1, Diff: 0.1, Sum: 0.5]
      [GC Worker Total (ms): Min: 15.1, Avg: 15.2, Max: 15.3, Diff: 0.1, Sum: 121.7]
      [GC Worker End (ms): Min: 59942.3, Avg: 59942.4, Max: 59942.4, Diff: 0.1]
   [Code Root Fixup: 0.3 ms]
   [Code Root Purge: 0.0 ms]
   [Clear CT: 0.4 ms]
   [Other: 2.5 ms]
      [Choose CSet: 0.0 ms]
      [Ref Proc: 0.6 ms]
      [Ref Enq: 0.0 ms]
      [Redirty Cards: 0.1 ms]
      [Humongous Register: 0.1 ms]
      [Humongous Reclaim: 0.0 ms]
      [Free CSet: 1.4 ms]
   [Eden: 2430.0M(2430.0M)->0.0B(2430.0M) Survivors: 26.0M->26.0M Heap: 2455.0M(4096.0M)->25.0M(4096.0M)]
 [Times: user=0.10 sys=0.01, real=0.01 secs] 
2021-03-29T00:10:57.565-0800: 63.193: [GC pause (G1 Evacuation Pause) (young), 0.0250213 secs]
   [Parallel Time: 21.1 ms, GC Workers: 8]
      [GC Worker Start (ms): Min: 63193.0, Avg: 63193.1, Max: 63193.3, Diff: 0.3]
      [Ext Root Scanning (ms): Min: 0.1, Avg: 0.8, Max: 3.2, Diff: 3.1, Sum: 6.7]
      [Update RS (ms): Min: 0.0, Avg: 0.0, Max: 0.0, Diff: 0.0, Sum: 0.0]
         [Processed Buffers: Min: 0, Avg: 0.0, Max: 0, Diff: 0, Sum: 0]
      [Scan RS (ms): Min: 0.1, Avg: 0.2, Max: 0.6, Diff: 0.5, Sum: 1.7]
      [Code Root Scanning (ms): Min: 0.0, Avg: 2.5, Max: 11.2, Diff: 11.2, Sum: 20.2]
      [Object Copy (ms): Min: 2.8, Avg: 11.2, Max: 14.3, Diff: 11.5, Sum: 89.3]
      [Termination (ms): Min: 0.0, Avg: 5.5, Max: 6.3, Diff: 6.3, Sum: 43.8]
         [Termination Attempts: Min: 1, Avg: 74.8, Max: 106, Diff: 105, Sum: 598]
      [GC Worker Other (ms): Min: 0.0, Avg: 0.0, Max: 0.0, Diff: 0.0, Sum: 0.1]
      [GC Worker Total (ms): Min: 15.5, Avg: 20.2, Max: 21.1, Diff: 5.6, Sum: 161.8]
      [GC Worker End (ms): Min: 63208.5, Avg: 63213.3, Max: 63214.1, Diff: 5.6]
   [Code Root Fixup: 0.3 ms]
   [Code Root Purge: 0.0 ms]
   [Clear CT: 0.5 ms]
   [Other: 3.1 ms]
      [Choose CSet: 0.0 ms]
      [Ref Proc: 1.3 ms]
      [Ref Enq: 0.0 ms]
      [Redirty Cards: 0.1 ms]
      [Humongous Register: 0.1 ms]
      [Humongous Reclaim: 0.0 ms]
      [Free CSet: 1.4 ms]
   [Eden: 2430.0M(2430.0M)->0.0B(2432.0M) Survivors: 26.0M->24.0M Heap: 2455.0M(4096.0M)->24.0M(4096.0M)]
 [Times: user=0.11 sys=0.00, real=0.03 secs] 
2021-03-29T00:11:00.602-0800: 66.229: [GC pause (G1 Evacuation Pause) (young), 0.0177554 secs]
   [Parallel Time: 13.0 ms, GC Workers: 8]
      [GC Worker Start (ms): Min: 66229.2, Avg: 66229.3, Max: 66229.3, Diff: 0.1]
      [Ext Root Scanning (ms): Min: 0.2, Avg: 0.6, Max: 2.9, Diff: 2.7, Sum: 5.1]
      [Update RS (ms): Min: 0.0, Avg: 0.0, Max: 0.0, Diff: 0.0, Sum: 0.0]
         [Processed Buffers: Min: 0, Avg: 0.0, Max: 0, Diff: 0, Sum: 0]
      [Scan RS (ms): Min: 0.1, Avg: 0.2, Max: 0.2, Diff: 0.2, Sum: 1.3]
      [Code Root Scanning (ms): Min: 0.0, Avg: 1.6, Max: 5.6, Diff: 5.6, Sum: 12.9]
      [Object Copy (ms): Min: 6.1, Avg: 10.0, Max: 11.9, Diff: 5.8, Sum: 79.6]
      [Termination (ms): Min: 0.1, Avg: 0.4, Max: 0.6, Diff: 0.5, Sum: 3.6]
         [Termination Attempts: Min: 1, Avg: 101.6, Max: 131, Diff: 130, Sum: 813]
      [GC Worker Other (ms): Min: 0.0, Avg: 0.0, Max: 0.1, Diff: 0.0, Sum: 0.2]
      [GC Worker Total (ms): Min: 12.7, Avg: 12.8, Max: 12.9, Diff: 0.2, Sum: 102.7]
      [GC Worker End (ms): Min: 66242.0, Avg: 66242.1, Max: 66242.1, Diff: 0.1]
   [Code Root Fixup: 0.3 ms]
   [Code Root Purge: 0.0 ms]
   [Clear CT: 0.4 ms]
   [Other: 4.1 ms]
      [Choose CSet: 0.0 ms]
      [Ref Proc: 2.9 ms]
      [Ref Enq: 0.0 ms]
      [Redirty Cards: 0.1 ms]
      [Humongous Register: 0.1 ms]
      [Humongous Reclaim: 0.0 ms]
      [Free CSet: 0.8 ms]
   [Eden: 2432.0M(2432.0M)->0.0B(2432.0M) Survivors: 24.0M->24.0M Heap: 2456.0M(4096.0M)->23.0M(4096.0M)]
 [Times: user=0.10 sys=0.00, real=0.02 secs] 
2021-03-29T00:11:03.514-0800: 69.142: [GC pause (G1 Evacuation Pause) (young), 0.0167324 secs]
   [Parallel Time: 13.3 ms, GC Workers: 8]
      [GC Worker Start (ms): Min: 69141.7, Avg: 69141.7, Max: 69141.8, Diff: 0.1]
      [Ext Root Scanning (ms): Min: 0.3, Avg: 0.7, Max: 2.8, Diff: 2.5, Sum: 5.4]
      [Update RS (ms): Min: 0.0, Avg: 0.0, Max: 0.0, Diff: 0.0, Sum: 0.0]
         [Processed Buffers: Min: 0, Avg: 0.0, Max: 0, Diff: 0, Sum: 0]
      [Scan RS (ms): Min: 0.1, Avg: 0.2, Max: 0.2, Diff: 0.1, Sum: 1.3]
      [Code Root Scanning (ms): Min: 0.0, Avg: 1.7, Max: 4.0, Diff: 4.0, Sum: 13.7]
      [Object Copy (ms): Min: 8.1, Avg: 10.4, Max: 12.5, Diff: 4.4, Sum: 82.9]
      [Termination (ms): Min: 0.0, Avg: 0.2, Max: 0.4, Diff: 0.4, Sum: 1.9]
         [Termination Attempts: Min: 1, Avg: 76.5, Max: 114, Diff: 113, Sum: 612]
      [GC Worker Other (ms): Min: 0.0, Avg: 0.0, Max: 0.1, Diff: 0.0, Sum: 0.2]
      [GC Worker Total (ms): Min: 13.1, Avg: 13.2, Max: 13.3, Diff: 0.1, Sum: 105.5]
      [GC Worker End (ms): Min: 69154.9, Avg: 69154.9, Max: 69155.0, Diff: 0.1]
   [Code Root Fixup: 0.3 ms]
   [Code Root Purge: 0.0 ms]
   [Clear CT: 0.4 ms]
   [Other: 2.7 ms]
      [Choose CSet: 0.0 ms]
      [Ref Proc: 0.9 ms]
      [Ref Enq: 0.0 ms]
      [Redirty Cards: 0.1 ms]
      [Humongous Register: 0.1 ms]
      [Humongous Reclaim: 0.0 ms]
      [Free CSet: 1.5 ms]
   [Eden: 2432.0M(2432.0M)->0.0B(2432.0M) Survivors: 24.0M->24.0M Heap: 2455.0M(4096.0M)->23.0M(4096.0M)]
 [Times: user=0.09 sys=0.00, real=0.02 secs] 
2021-03-29T00:11:06.360-0800: 71.987: [GC pause (G1 Evacuation Pause) (young), 0.0160797 secs]
   [Parallel Time: 13.0 ms, GC Workers: 8]
      [GC Worker Start (ms): Min: 71987.4, Avg: 71987.4, Max: 71987.5, Diff: 0.1]
      [Ext Root Scanning (ms): Min: 0.3, Avg: 0.8, Max: 3.0, Diff: 2.7, Sum: 6.3]
      [Update RS (ms): Min: 0.0, Avg: 0.0, Max: 0.0, Diff: 0.0, Sum: 0.0]
         [Processed Buffers: Min: 0, Avg: 0.0, Max: 0, Diff: 0, Sum: 0]
      [Scan RS (ms): Min: 0.1, Avg: 0.2, Max: 0.3, Diff: 0.2, Sum: 1.2]
      [Code Root Scanning (ms): Min: 0.0, Avg: 1.4, Max: 2.7, Diff: 2.7, Sum: 10.8]
      [Object Copy (ms): Min: 9.4, Avg: 10.5, Max: 12.3, Diff: 3.0, Sum: 83.7]
      [Termination (ms): Min: 0.0, Avg: 0.1, Max: 0.1, Diff: 0.1, Sum: 0.6]
         [Termination Attempts: Min: 1, Avg: 112.1, Max: 152, Diff: 151, Sum: 897]
      [GC Worker Other (ms): Min: 0.0, Avg: 0.1, Max: 0.1, Diff: 0.1, Sum: 0.5]
      [GC Worker Total (ms): Min: 12.8, Avg: 12.9, Max: 13.0, Diff: 0.1, Sum: 103.1]
      [GC Worker End (ms): Min: 72000.3, Avg: 72000.3, Max: 72000.3, Diff: 0.1]
   [Code Root Fixup: 0.3 ms]
   [Code Root Purge: 0.0 ms]
   [Clear CT: 0.5 ms]
   [Other: 2.2 ms]
      [Choose CSet: 0.0 ms]
      [Ref Proc: 0.4 ms]
      [Ref Enq: 0.0 ms]
      [Redirty Cards: 0.1 ms]
      [Humongous Register: 0.1 ms]
      [Humongous Reclaim: 0.0 ms]
      [Free CSet: 1.4 ms]
   [Eden: 2432.0M(2432.0M)->0.0B(2430.0M) Survivors: 24.0M->26.0M Heap: 2455.0M(4096.0M)->26.0M(4096.0M)]
 [Times: user=0.10 sys=0.01, real=0.01 secs] 
2021-03-29T00:11:09.428-0800: 75.055: [GC pause (G1 Evacuation Pause) (young), 0.0168889 secs]
   [Parallel Time: 13.5 ms, GC Workers: 8]
      [GC Worker Start (ms): Min: 75055.5, Avg: 75055.5, Max: 75055.6, Diff: 0.1]
      [Ext Root Scanning (ms): Min: 0.3, Avg: 0.7, Max: 2.9, Diff: 2.6, Sum: 5.5]
      [Update RS (ms): Min: 0.0, Avg: 0.0, Max: 0.0, Diff: 0.0, Sum: 0.0]
         [Processed Buffers: Min: 0, Avg: 0.0, Max: 0, Diff: 0, Sum: 0]
      [Scan RS (ms): Min: 0.1, Avg: 0.2, Max: 0.2, Diff: 0.2, Sum: 1.4]
      [Code Root Scanning (ms): Min: 0.0, Avg: 1.4, Max: 2.8, Diff: 2.8, Sum: 11.0]
      [Object Copy (ms): Min: 9.9, Avg: 11.0, Max: 12.7, Diff: 2.8, Sum: 88.2]
      [Termination (ms): Min: 0.0, Avg: 0.1, Max: 0.1, Diff: 0.1, Sum: 0.6]
         [Termination Attempts: Min: 1, Avg: 118.5, Max: 162, Diff: 161, Sum: 948]
      [GC Worker Other (ms): Min: 0.0, Avg: 0.1, Max: 0.1, Diff: 0.1, Sum: 0.5]
      [GC Worker Total (ms): Min: 13.3, Avg: 13.4, Max: 13.4, Diff: 0.1, Sum: 107.3]
      [GC Worker End (ms): Min: 75068.9, Avg: 75069.0, Max: 75069.0, Diff: 0.1]
   [Code Root Fixup: 0.2 ms]
   [Code Root Purge: 0.0 ms]
   [Clear CT: 0.4 ms]
   [Other: 2.8 ms]
      [Choose CSet: 0.0 ms]
      [Ref Proc: 0.8 ms]
      [Ref Enq: 0.0 ms]
      [Redirty Cards: 0.1 ms]
      [Humongous Register: 0.1 ms]
      [Humongous Reclaim: 0.0 ms]
      [Free CSet: 1.6 ms]
   [Eden: 2430.0M(2430.0M)->0.0B(2430.0M) Survivors: 26.0M->26.0M Heap: 2456.0M(4096.0M)->25.0M(4096.0M)]
 [Times: user=0.09 sys=0.00, real=0.02 secs] 
2021-03-29T00:11:12.214-0800: 77.841: [GC pause (G1 Evacuation Pause) (young), 0.0181635 secs]
   [Parallel Time: 14.3 ms, GC Workers: 8]
      [GC Worker Start (ms): Min: 77841.3, Avg: 77841.4, Max: 77841.4, Diff: 0.1]
      [Ext Root Scanning (ms): Min: 0.3, Avg: 0.7, Max: 3.0, Diff: 2.7, Sum: 5.4]
      [Update RS (ms): Min: 0.0, Avg: 0.0, Max: 0.0, Diff: 0.0, Sum: 0.0]
         [Processed Buffers: Min: 0, Avg: 0.0, Max: 0, Diff: 0, Sum: 0]
      [Scan RS (ms): Min: 0.1, Avg: 0.2, Max: 0.2, Diff: 0.1, Sum: 1.4]
      [Code Root Scanning (ms): Min: 0.0, Avg: 2.0, Max: 4.4, Diff: 4.4, Sum: 16.2]
      [Object Copy (ms): Min: 8.4, Avg: 10.7, Max: 13.5, Diff: 5.1, Sum: 85.9]
      [Termination (ms): Min: 0.1, Avg: 0.5, Max: 0.8, Diff: 0.7, Sum: 4.0]
         [Termination Attempts: Min: 1, Avg: 115.5, Max: 153, Diff: 152, Sum: 924]
      [GC Worker Other (ms): Min: 0.0, Avg: 0.0, Max: 0.0, Diff: 0.0, Sum: 0.2]
      [GC Worker Total (ms): Min: 14.1, Avg: 14.1, Max: 14.2, Diff: 0.1, Sum: 113.2]
      [GC Worker End (ms): Min: 77855.5, Avg: 77855.5, Max: 77855.5, Diff: 0.1]
   [Code Root Fixup: 0.3 ms]
   [Code Root Purge: 0.0 ms]
   [Clear CT: 0.4 ms]
   [Other: 3.2 ms]
      [Choose CSet: 0.0 ms]
      [Ref Proc: 1.3 ms]
      [Ref Enq: 0.0 ms]
      [Redirty Cards: 0.1 ms]
      [Humongous Register: 0.1 ms]
      [Humongous Reclaim: 0.0 ms]
      [Free CSet: 1.5 ms]
   [Eden: 2430.0M(2430.0M)->0.0B(2430.0M) Survivors: 26.0M->26.0M Heap: 2455.0M(4096.0M)->26.0M(4096.0M)]
 [Times: user=0.10 sys=0.00, real=0.02 secs] 
2021-03-29T00:11:14.684-0800: 80.312: [GC pause (G1 Evacuation Pause) (young), 0.0168432 secs]
   [Parallel Time: 13.9 ms, GC Workers: 8]
      [GC Worker Start (ms): Min: 80311.8, Avg: 80311.8, Max: 80311.8, Diff: 0.1]
      [Ext Root Scanning (ms): Min: 0.3, Avg: 0.7, Max: 2.9, Diff: 2.6, Sum: 5.6]
      [Update RS (ms): Min: 0.0, Avg: 0.0, Max: 0.0, Diff: 0.0, Sum: 0.0]
         [Processed Buffers: Min: 0, Avg: 0.0, Max: 0, Diff: 0, Sum: 0]
      [Scan RS (ms): Min: 0.1, Avg: 0.2, Max: 0.2, Diff: 0.1, Sum: 1.3]
      [Code Root Scanning (ms): Min: 0.0, Avg: 1.8, Max: 4.5, Diff: 4.5, Sum: 14.4]
      [Object Copy (ms): Min: 8.5, Avg: 10.9, Max: 13.0, Diff: 4.5, Sum: 87.3]
      [Termination (ms): Min: 0.0, Avg: 0.1, Max: 0.1, Diff: 0.1, Sum: 0.6]
         [Termination Attempts: Min: 1, Avg: 106.2, Max: 149, Diff: 148, Sum: 850]
      [GC Worker Other (ms): Min: 0.0, Avg: 0.1, Max: 0.1, Diff: 0.1, Sum: 0.4]
      [GC Worker Total (ms): Min: 13.6, Avg: 13.7, Max: 13.8, Diff: 0.1, Sum: 109.7]
      [GC Worker End (ms): Min: 80325.5, Avg: 80325.5, Max: 80325.5, Diff: 0.1]
   [Code Root Fixup: 0.2 ms]
   [Code Root Purge: 0.0 ms]
   [Clear CT: 0.4 ms]
   [Other: 2.3 ms]
      [Choose CSet: 0.0 ms]
      [Ref Proc: 1.0 ms]
      [Ref Enq: 0.0 ms]
      [Redirty Cards: 0.2 ms]
      [Humongous Register: 0.1 ms]
      [Humongous Reclaim: 0.0 ms]
      [Free CSet: 0.9 ms]
   [Eden: 2430.0M(2430.0M)->0.0B(2432.0M) Survivors: 26.0M->24.0M Heap: 2456.0M(4096.0M)->24.0M(4096.0M)]
 [Times: user=0.09 sys=0.00, real=0.02 secs] 
2021-03-29T00:11:17.084-0800: 82.711: [GC pause (G1 Evacuation Pause) (young), 0.0166114 secs]
   [Parallel Time: 14.5 ms, GC Workers: 8]
      [GC Worker Start (ms): Min: 82711.5, Avg: 82711.5, Max: 82711.7, Diff: 0.2]
      [Ext Root Scanning (ms): Min: 0.2, Avg: 0.7, Max: 3.1, Diff: 2.9, Sum: 5.6]
      [Update RS (ms): Min: 0.0, Avg: 0.0, Max: 0.0, Diff: 0.0, Sum: 0.0]
         [Processed Buffers: Min: 0, Avg: 0.0, Max: 0, Diff: 0, Sum: 0]
      [Scan RS (ms): Min: 0.1, Avg: 0.2, Max: 0.2, Diff: 0.1, Sum: 1.3]
      [Code Root Scanning (ms): Min: 0.0, Avg: 1.7, Max: 3.5, Diff: 3.5, Sum: 13.9]
      [Object Copy (ms): Min: 10.1, Avg: 11.6, Max: 13.6, Diff: 3.6, Sum: 92.5]
      [Termination (ms): Min: 0.0, Avg: 0.1, Max: 0.1, Diff: 0.1, Sum: 0.6]
         [Termination Attempts: Min: 2, Avg: 116.1, Max: 160, Diff: 158, Sum: 929]
      [GC Worker Other (ms): Min: 0.0, Avg: 0.1, Max: 0.1, Diff: 0.1, Sum: 0.4]
      [GC Worker Total (ms): Min: 14.1, Avg: 14.3, Max: 14.4, Diff: 0.3, Sum: 114.4]
      [GC Worker End (ms): Min: 82725.8, Avg: 82725.8, Max: 82725.9, Diff: 0.1]
   [Code Root Fixup: 0.2 ms]
   [Code Root Purge: 0.0 ms]
   [Clear CT: 0.3 ms]
   [Other: 1.5 ms]
      [Choose CSet: 0.0 ms]
      [Ref Proc: 0.3 ms]
      [Ref Enq: 0.0 ms]
      [Redirty Cards: 0.1 ms]
      [Humongous Register: 0.1 ms]
      [Humongous Reclaim: 0.0 ms]
      [Free CSet: 0.9 ms]
   [Eden: 2432.0M(2432.0M)->0.0B(2434.0M) Survivors: 24.0M->22.0M Heap: 2456.0M(4096.0M)->25.7M(4096.0M)]
 [Times: user=0.10 sys=0.01, real=0.02 secs] 
2021-03-29T00:11:19.478-0800: 85.106: [GC pause (G1 Evacuation Pause) (young), 0.0129408 secs]
   [Parallel Time: 10.8 ms, GC Workers: 8]
      [GC Worker Start (ms): Min: 85106.0, Avg: 85106.1, Max: 85106.2, Diff: 0.2]
      [Ext Root Scanning (ms): Min: 0.2, Avg: 0.7, Max: 3.0, Diff: 2.8, Sum: 5.4]
      [Update RS (ms): Min: 0.0, Avg: 0.3, Max: 0.5, Diff: 0.5, Sum: 2.1]
         [Processed Buffers: Min: 0, Avg: 1.1, Max: 2, Diff: 2, Sum: 9]
      [Scan RS (ms): Min: 0.1, Avg: 0.5, Max: 0.8, Diff: 0.7, Sum: 4.1]
      [Code Root Scanning (ms): Min: 0.0, Avg: 0.8, Max: 2.1, Diff: 2.1, Sum: 6.7]
      [Object Copy (ms): Min: 4.6, Avg: 5.7, Max: 7.0, Diff: 2.4, Sum: 45.4]
      [Termination (ms): Min: 0.0, Avg: 1.5, Max: 3.0, Diff: 3.0, Sum: 11.9]
         [Termination Attempts: Min: 1, Avg: 15.8, Max: 21, Diff: 20, Sum: 126]
      [GC Worker Other (ms): Min: 0.0, Avg: 0.0, Max: 0.0, Diff: 0.0, Sum: 0.2]
      [GC Worker Total (ms): Min: 8.2, Avg: 9.5, Max: 10.7, Diff: 2.5, Sum: 75.9]
      [GC Worker End (ms): Min: 85114.4, Avg: 85115.6, Max: 85116.8, Diff: 2.4]
   [Code Root Fixup: 0.1 ms]
   [Code Root Purge: 0.0 ms]
   [Clear CT: 0.4 ms]
   [Other: 1.6 ms]
      [Choose CSet: 0.0 ms]
      [Ref Proc: 0.3 ms]
      [Ref Enq: 0.0 ms]
      [Redirty Cards: 0.1 ms]
      [Humongous Register: 0.0 ms]
      [Humongous Reclaim: 0.0 ms]
      [Free CSet: 0.9 ms]
   [Eden: 2434.0M(2434.0M)->0.0B(2436.0M) Survivors: 22.0M->20.0M Heap: 2459.7M(4096.0M)->27.9M(4096.0M)]
 [Times: user=0.05 sys=0.00, real=0.02 secs] 
2021-03-29T00:11:23.166-0800: 88.793: [GC pause (G1 Evacuation Pause) (young), 0.0096182 secs]
   [Parallel Time: 8.1 ms, GC Workers: 8]
      [GC Worker Start (ms): Min: 88793.4, Avg: 88793.4, Max: 88793.4, Diff: 0.1]
      [Ext Root Scanning (ms): Min: 0.3, Avg: 0.5, Max: 1.9, Diff: 1.6, Sum: 4.3]
      [Update RS (ms): Min: 0.0, Avg: 0.3, Max: 0.4, Diff: 0.4, Sum: 2.4]
         [Processed Buffers: Min: 0, Avg: 1.5, Max: 4, Diff: 4, Sum: 12]
      [Scan RS (ms): Min: 0.0, Avg: 0.1, Max: 0.2, Diff: 0.2, Sum: 1.1]
      [Code Root Scanning (ms): Min: 0.0, Avg: 0.5, Max: 1.1, Diff: 1.1, Sum: 4.2]
      [Object Copy (ms): Min: 5.9, Avg: 6.4, Max: 7.1, Diff: 1.1, Sum: 51.4]
      [Termination (ms): Min: 0.0, Avg: 0.0, Max: 0.0, Diff: 0.0, Sum: 0.0]
         [Termination Attempts: Min: 1, Avg: 9.2, Max: 15, Diff: 14, Sum: 74]
      [GC Worker Other (ms): Min: 0.0, Avg: 0.0, Max: 0.1, Diff: 0.1, Sum: 0.4]
      [GC Worker Total (ms): Min: 7.9, Avg: 8.0, Max: 8.0, Diff: 0.1, Sum: 63.9]
      [GC Worker End (ms): Min: 88801.3, Avg: 88801.4, Max: 88801.4, Diff: 0.1]
   [Code Root Fixup: 0.1 ms]
   [Code Root Purge: 0.0 ms]
   [Clear CT: 0.4 ms]
   [Other: 1.0 ms]
      [Choose CSet: 0.0 ms]
      [Ref Proc: 0.2 ms]
      [Ref Enq: 0.0 ms]
      [Redirty Cards: 0.2 ms]
      [Humongous Register: 0.1 ms]
      [Humongous Reclaim: 0.0 ms]
      [Free CSet: 0.4 ms]
   [Eden: 2436.0M(2436.0M)->0.0B(2442.0M) Survivors: 20.0M->14.0M Heap: 2463.9M(4096.0M)->29.1M(4096.0M)]
 [Times: user=0.05 sys=0.00, real=0.01 secs] 
2021-03-29T00:11:26.182-0800: 91.809: [GC pause (G1 Evacuation Pause) (young), 0.0077360 secs]
   [Parallel Time: 6.0 ms, GC Workers: 8]
      [GC Worker Start (ms): Min: 91809.2, Avg: 91809.3, Max: 91809.3, Diff: 0.1]
      [Ext Root Scanning (ms): Min: 0.3, Avg: 0.5, Max: 1.3, Diff: 1.0, Sum: 4.1]
      [Update RS (ms): Min: 0.0, Avg: 0.5, Max: 0.7, Diff: 0.7, Sum: 3.9]
         [Processed Buffers: Min: 0, Avg: 1.6, Max: 4, Diff: 4, Sum: 13]
      [Scan RS (ms): Min: 0.5, Avg: 0.6, Max: 0.9, Diff: 0.4, Sum: 5.2]
      [Code Root Scanning (ms): Min: 0.0, Avg: 0.7, Max: 2.4, Diff: 2.4, Sum: 5.3]
      [Object Copy (ms): Min: 1.9, Avg: 3.5, Max: 4.2, Diff: 2.3, Sum: 28.4]
      [Termination (ms): Min: 0.0, Avg: 0.0, Max: 0.0, Diff: 0.0, Sum: 0.0]
         [Termination Attempts: Min: 1, Avg: 2.4, Max: 4, Diff: 3, Sum: 19]
      [GC Worker Other (ms): Min: 0.0, Avg: 0.1, Max: 0.1, Diff: 0.1, Sum: 0.4]
      [GC Worker Total (ms): Min: 5.9, Avg: 5.9, Max: 6.0, Diff: 0.1, Sum: 47.3]
      [GC Worker End (ms): Min: 91815.1, Avg: 91815.2, Max: 91815.2, Diff: 0.1]
   [Code Root Fixup: 0.1 ms]
   [Code Root Purge: 0.0 ms]
   [Clear CT: 0.4 ms]
   [Other: 1.2 ms]
      [Choose CSet: 0.0 ms]
      [Ref Proc: 0.2 ms]
      [Ref Enq: 0.0 ms]
      [Redirty Cards: 0.2 ms]
      [Humongous Register: 0.1 ms]
      [Humongous Reclaim: 0.0 ms]
      [Free CSet: 0.5 ms]
   [Eden: 2442.0M(2442.0M)->0.0B(2446.0M) Survivors: 14.0M->10.0M Heap: 2471.1M(4096.0M)->33.6M(4096.0M)]
 [Times: user=0.04 sys=0.00, real=0.00 secs] 
2021-03-29T00:11:29.034-0800: 94.662: [GC pause (G1 Evacuation Pause) (young), 0.0038977 secs]
   [Parallel Time: 2.5 ms, GC Workers: 8]
      [GC Worker Start (ms): Min: 94662.1, Avg: 94662.1, Max: 94662.2, Diff: 0.1]
      [Ext Root Scanning (ms): Min: 0.3, Avg: 0.4, Max: 1.0, Diff: 0.7, Sum: 3.2]
      [Update RS (ms): Min: 0.0, Avg: 0.5, Max: 0.6, Diff: 0.6, Sum: 3.9]
         [Processed Buffers: Min: 1, Avg: 7.6, Max: 20, Diff: 19, Sum: 61]
      [Scan RS (ms): Min: 0.3, Avg: 0.4, Max: 0.4, Diff: 0.2, Sum: 2.9]
      [Code Root Scanning (ms): Min: 0.0, Avg: 0.3, Max: 0.6, Diff: 0.6, Sum: 2.2]
      [Object Copy (ms): Min: 0.6, Avg: 0.8, Max: 1.1, Diff: 0.5, Sum: 6.5]
      [Termination (ms): Min: 0.0, Avg: 0.0, Max: 0.0, Diff: 0.0, Sum: 0.1]
         [Termination Attempts: Min: 1, Avg: 1.0, Max: 1, Diff: 0, Sum: 8]
      [GC Worker Other (ms): Min: 0.0, Avg: 0.0, Max: 0.0, Diff: 0.0, Sum: 0.2]
      [GC Worker Total (ms): Min: 2.3, Avg: 2.4, Max: 2.4, Diff: 0.1, Sum: 19.1]
      [GC Worker End (ms): Min: 94664.5, Avg: 94664.5, Max: 94664.5, Diff: 0.0]
   [Code Root Fixup: 0.0 ms]
   [Code Root Purge: 0.0 ms]
   [Clear CT: 0.5 ms]
   [Other: 0.9 ms]
      [Choose CSet: 0.0 ms]
      [Ref Proc: 0.2 ms]
      [Ref Enq: 0.0 ms]
      [Redirty Cards: 0.1 ms]
      [Humongous Register: 0.1 ms]
      [Humongous Reclaim: 0.0 ms]
      [Free CSet: 0.4 ms]
   [Eden: 2446.0M(2446.0M)->0.0B(2452.0M) Survivors: 10.0M->4096.0K Heap: 2479.6M(4096.0M)->34.5M(4096.0M)]
 [Times: user=0.02 sys=0.00, real=0.00 secs] 
2021-03-29T00:11:31.869-0800: 97.496: [GC pause (G1 Evacuation Pause) (young), 0.0040374 secs]
   [Parallel Time: 2.6 ms, GC Workers: 8]
      [GC Worker Start (ms): Min: 97496.3, Avg: 97496.4, Max: 97496.4, Diff: 0.1]
      [Ext Root Scanning (ms): Min: 0.2, Avg: 0.5, Max: 1.0, Diff: 0.8, Sum: 3.8]
      [Update RS (ms): Min: 0.5, Avg: 0.7, Max: 1.0, Diff: 0.5, Sum: 5.6]
         [Processed Buffers: Min: 1, Avg: 8.1, Max: 14, Diff: 13, Sum: 65]
      [Scan RS (ms): Min: 0.0, Avg: 0.2, Max: 0.2, Diff: 0.2, Sum: 1.6]
      [Code Root Scanning (ms): Min: 0.0, Avg: 0.1, Max: 0.2, Diff: 0.2, Sum: 0.5]
      [Object Copy (ms): Min: 0.6, Avg: 0.9, Max: 1.6, Diff: 1.0, Sum: 7.5]
      [Termination (ms): Min: 0.0, Avg: 0.1, Max: 0.1, Diff: 0.1, Sum: 0.6]
         [Termination Attempts: Min: 1, Avg: 1.5, Max: 3, Diff: 2, Sum: 12]
      [GC Worker Other (ms): Min: 0.0, Avg: 0.0, Max: 0.0, Diff: 0.0, Sum: 0.2]
      [GC Worker Total (ms): Min: 2.4, Avg: 2.5, Max: 2.5, Diff: 0.1, Sum: 19.8]
      [GC Worker End (ms): Min: 97498.8, Avg: 97498.9, Max: 97498.9, Diff: 0.1]
   [Code Root Fixup: 0.0 ms]
   [Code Root Purge: 0.0 ms]
   [Clear CT: 0.4 ms]
   [Other: 1.0 ms]
      [Choose CSet: 0.0 ms]
      [Ref Proc: 0.1 ms]
      [Ref Enq: 0.0 ms]
      [Redirty Cards: 0.1 ms]
      [Humongous Register: 0.1 ms]
      [Humongous Reclaim: 0.0 ms]
      [Free CSet: 0.4 ms]
   [Eden: 2452.0M(2452.0M)->0.0B(2454.0M) Survivors: 4096.0K->2048.0K Heap: 2486.5M(4096.0M)->34.7M(4096.0M)]
 [Times: user=0.01 sys=0.00, real=0.01 secs] 
2021-03-29T00:11:34.703-0800: 100.330: [GC pause (G1 Evacuation Pause) (young), 0.0027068 secs]
   [Parallel Time: 1.5 ms, GC Workers: 8]
      [GC Worker Start (ms): Min: 100330.5, Avg: 100330.5, Max: 100330.6, Diff: 0.1]
      [Ext Root Scanning (ms): Min: 0.3, Avg: 0.4, Max: 0.8, Diff: 0.6, Sum: 3.1]
      [Update RS (ms): Min: 0.0, Avg: 0.2, Max: 0.3, Diff: 0.3, Sum: 1.5]
         [Processed Buffers: Min: 0, Avg: 7.4, Max: 16, Diff: 16, Sum: 59]
      [Scan RS (ms): Min: 0.0, Avg: 0.2, Max: 0.2, Diff: 0.2, Sum: 1.3]
      [Code Root Scanning (ms): Min: 0.0, Avg: 0.0, Max: 0.0, Diff: 0.0, Sum: 0.2]
      [Object Copy (ms): Min: 0.4, Avg: 0.5, Max: 0.6, Diff: 0.1, Sum: 4.1]
      [Termination (ms): Min: 0.0, Avg: 0.0, Max: 0.0, Diff: 0.0, Sum: 0.0]
         [Termination Attempts: Min: 1, Avg: 1.0, Max: 1, Diff: 0, Sum: 8]
      [GC Worker Other (ms): Min: 0.0, Avg: 0.0, Max: 0.1, Diff: 0.1, Sum: 0.3]
      [GC Worker Total (ms): Min: 1.2, Avg: 1.3, Max: 1.4, Diff: 0.2, Sum: 10.5]
      [GC Worker End (ms): Min: 100331.8, Avg: 100331.9, Max: 100331.9, Diff: 0.1]
   [Code Root Fixup: 0.0 ms]
   [Code Root Purge: 0.0 ms]
   [Clear CT: 0.3 ms]
   [Other: 0.9 ms]
      [Choose CSet: 0.0 ms]
      [Ref Proc: 0.2 ms]
      [Ref Enq: 0.0 ms]
      [Redirty Cards: 0.1 ms]
      [Humongous Register: 0.1 ms]
      [Humongous Reclaim: 0.0 ms]
      [Free CSet: 0.4 ms]
   [Eden: 2454.0M(2454.0M)->0.0B(2454.0M) Survivors: 2048.0K->2048.0K Heap: 2488.7M(4096.0M)->35.1M(4096.0M)]
 [Times: user=0.01 sys=0.00, real=0.00 secs] 
2021-03-29T00:11:37.320-0800: 102.948: [GC pause (G1 Evacuation Pause) (young), 0.0032117 secs]
   [Parallel Time: 1.3 ms, GC Workers: 8]
      [GC Worker Start (ms): Min: 102947.9, Avg: 102947.9, Max: 102947.9, Diff: 0.1]
      [Ext Root Scanning (ms): Min: 0.3, Avg: 0.4, Max: 0.7, Diff: 0.5, Sum: 3.0]
      [Update RS (ms): Min: 0.0, Avg: 0.2, Max: 0.2, Diff: 0.2, Sum: 1.4]
         [Processed Buffers: Min: 0, Avg: 7.6, Max: 13, Diff: 13, Sum: 61]
      [Scan RS (ms): Min: 0.1, Avg: 0.2, Max: 0.2, Diff: 0.1, Sum: 1.4]
      [Code Root Scanning (ms): Min: 0.0, Avg: 0.0, Max: 0.0, Diff: 0.0, Sum: 0.2]
      [Object Copy (ms): Min: 0.4, Avg: 0.4, Max: 0.4, Diff: 0.1, Sum: 3.3]
      [Termination (ms): Min: 0.0, Avg: 0.0, Max: 0.0, Diff: 0.0, Sum: 0.0]
         [Termination Attempts: Min: 1, Avg: 1.0, Max: 1, Diff: 0, Sum: 8]
      [GC Worker Other (ms): Min: 0.0, Avg: 0.0, Max: 0.1, Diff: 0.1, Sum: 0.4]
      [GC Worker Total (ms): Min: 1.2, Avg: 1.2, Max: 1.2, Diff: 0.1, Sum: 9.6]
      [GC Worker End (ms): Min: 102949.1, Avg: 102949.1, Max: 102949.1, Diff: 0.1]
   [Code Root Fixup: 0.0 ms]
   [Code Root Purge: 0.0 ms]
   [Clear CT: 0.4 ms]
   [Other: 1.5 ms]
      [Choose CSet: 0.0 ms]
      [Ref Proc: 0.6 ms]
      [Ref Enq: 0.0 ms]
      [Redirty Cards: 0.1 ms]
      [Humongous Register: 0.1 ms]
      [Humongous Reclaim: 0.0 ms]
      [Free CSet: 0.5 ms]
   [Eden: 2454.0M(2454.0M)->0.0B(2454.0M) Survivors: 2048.0K->2048.0K Heap: 2489.1M(4096.0M)->35.0M(4096.0M)]
 [Times: user=0.02 sys=0.01, real=0.00 secs] 
2021-03-29T00:11:40.133-0800: 105.761: [GC pause (G1 Evacuation Pause) (young), 0.0027876 secs]
   [Parallel Time: 1.4 ms, GC Workers: 8]
      [GC Worker Start (ms): Min: 105761.1, Avg: 105761.1, Max: 105761.2, Diff: 0.1]
      [Ext Root Scanning (ms): Min: 0.3, Avg: 0.4, Max: 0.9, Diff: 0.6, Sum: 3.4]
      [Update RS (ms): Min: 0.0, Avg: 0.2, Max: 0.2, Diff: 0.2, Sum: 1.4]
         [Processed Buffers: Min: 0, Avg: 7.4, Max: 15, Diff: 15, Sum: 59]
      [Scan RS (ms): Min: 0.0, Avg: 0.2, Max: 0.2, Diff: 0.2, Sum: 1.5]
      [Code Root Scanning (ms): Min: 0.0, Avg: 0.0, Max: 0.0, Diff: 0.0, Sum: 0.2]
      [Object Copy (ms): Min: 0.4, Avg: 0.4, Max: 0.5, Diff: 0.1, Sum: 3.5]
      [Termination (ms): Min: 0.0, Avg: 0.0, Max: 0.0, Diff: 0.0, Sum: 0.0]
         [Termination Attempts: Min: 1, Avg: 1.0, Max: 1, Diff: 0, Sum: 8]
      [GC Worker Other (ms): Min: 0.0, Avg: 0.1, Max: 0.1, Diff: 0.1, Sum: 0.4]
      [GC Worker Total (ms): Min: 1.3, Avg: 1.3, Max: 1.4, Diff: 0.1, Sum: 10.4]
      [GC Worker End (ms): Min: 105762.4, Avg: 105762.4, Max: 105762.5, Diff: 0.1]
   [Code Root Fixup: 0.0 ms]
   [Code Root Purge: 0.0 ms]
   [Clear CT: 0.4 ms]
   [Other: 1.0 ms]
      [Choose CSet: 0.0 ms]
      [Ref Proc: 0.2 ms]
      [Ref Enq: 0.0 ms]
      [Redirty Cards: 0.1 ms]
      [Humongous Register: 0.1 ms]
      [Humongous Reclaim: 0.0 ms]
      [Free CSet: 0.4 ms]
   [Eden: 2454.0M(2454.0M)->0.0B(2454.0M) Survivors: 2048.0K->2048.0K Heap: 2489.0M(4096.0M)->35.2M(4096.0M)]
 [Times: user=0.01 sys=0.00, real=0.00 secs] 
Heap
 garbage-first heap   total 4194304K, used 679089K [0x00000006c0000000, 0x00000006c0204000, 0x00000007c0000000)
  region size 2048K, 316 young (647168K), 1 survivors (2048K)
 Metaspace       used 36693K, capacity 38814K, committed 39040K, reserved 1083392K
  class space    used 4603K, capacity 4952K, committed 4992K, reserved 1048576K
